// Vitest Snapshot v1

exports[`HomePage.vue > should render correct contents 1`] = `
"<div class=\\"container flex flex-col mx-auto justify-center bg-gray-100\\">
  <h1 class=\\"mx-auto text-2xl p-4\\">Home Page</h1>
  <div class=\\"flex justify-center gap-2\\"><button class=\\"btn double-decrement\\">--</button><button class=\\"btn decrement\\">-</button><span class=\\"counter text-3xl font-bold\\">0</span><button class=\\"btn increment\\">+</button><button class=\\"btn double-increment\\">++</button></div>
  <div class=\\"flex flex-col mx-auto p-4\\">
    <div class=\\"flex flex-col\\">
      <h4>Edit counter title: My Counter</h4><input type=\\"text\\" class=\\"bg-gray-50 border border-gray-300 text-gray-900 text-sm rounded-lg focus:ring-blue-500 focus:border-blue-500 block w-full p-2.5 dark:bg-gray-700 dark:border-gray-600 dark:placeholder-gray-400 dark:text-white dark:focus:ring-blue-500 dark:focus:border-blue-500\\">
    </div>
    <p>This counter is even</p>
  </div>
</div>"
`;
